EDA Netlist Writer report for Cordic
Thu Nov 19 19:24:20 2020
Quartus Prime Version 20.1.0 Build 711 06/05/2020 SJ Lite Edition


---------------------
; Table of Contents ;
---------------------
  1. Legal Notice
  2. EDA Netlist Writer Summary
  3. EDA Netlist Writer Messages



----------------
; Legal Notice ;
----------------
Copyright (C) 2020  Intel Corporation. All rights reserved.
Your use of Intel Corporation's design tools, logic functions 
and other software and tools, and any partner logic 
functions, and any output files from any of the foregoing 
(including device programming or simulation files), and any 
associated documentation or information are expressly subject 
to the terms and conditions of the Intel Program License 
Subscription Agreement, the Intel Quartus Prime License Agreement,
the Intel FPGA IP License Agreement, or other applicable license
agreement, including, without limitation, that your use is for
the sole purpose of programming logic devices manufactured by
Intel and sold by Intel or its authorized distributors.  Please
refer to the applicable agreement for further details, at
https://fpgasoftware.intel.com/eula.



+---------------------------------------------------------------+
; EDA Netlist Writer Summary                                    ;
+---------------------------+-----------------------------------+
; EDA Netlist Writer Status ; Failed - Thu Nov 19 19:24:20 2020 ;
; Revision Name             ; Cordic                            ;
; Top-level Entity Name     ; Cordic                            ;
; Family                    ; Cyclone IV E                      ;
+---------------------------+-----------------------------------+


+-----------------------------+
; EDA Netlist Writer Messages ;
+-----------------------------+
Info: *******************************************************************
Info: Running Quartus Prime EDA Netlist Writer
    Info: Version 20.1.0 Build 711 06/05/2020 SJ Lite Edition
    Info: Processing started: Thu Nov 19 19:24:17 2020
Info: Command: quartus_eda --read_settings_files=off --write_settings_files=off Cordic -c Cordic
Warning (18236): Number of processors has not been specified which may cause overloading on shared machines.  Set the global assignment NUM_PARALLEL_PROCESSORS in your QSF to an appropriate value for best performance.
Error (204012): Can't generate netlist output files because the file "C:/dsp_fpga/TP11_Cordic/nco_ent/synthesis/submodules/asj_nco_mob_rw.v" is an OpenCore Plus time-limited file. Remove the unlicensed cores or obtain a license for those OpenCore Plus time-limited IP cores used in the design. The Intel FPGA Knowledge Database contains many articles with specific details on how to resolve this error. Visit the Knowledge Database at https://www.altera.com/support/support-resources/knowledge-base/search.html and search for this specific error message number.
Error (204012): Can't generate netlist output files because the file "C:/dsp_fpga/TP11_Cordic/nco_ent/synthesis/submodules/asj_nco_isdr.v" is an OpenCore Plus time-limited file. Remove the unlicensed cores or obtain a license for those OpenCore Plus time-limited IP cores used in the design. The Intel FPGA Knowledge Database contains many articles with specific details on how to resolve this error. Visit the Knowledge Database at https://www.altera.com/support/support-resources/knowledge-base/search.html and search for this specific error message number.
Error (204012): Can't generate netlist output files because the file "C:/dsp_fpga/TP11_Cordic/nco_ent/synthesis/submodules/asj_dxx.v" is an OpenCore Plus time-limited file. Remove the unlicensed cores or obtain a license for those OpenCore Plus time-limited IP cores used in the design. The Intel FPGA Knowledge Database contains many articles with specific details on how to resolve this error. Visit the Knowledge Database at https://www.altera.com/support/support-resources/knowledge-base/search.html and search for this specific error message number.
Error (204012): Can't generate netlist output files because the file "C:/dsp_fpga/TP11_Cordic/nco_ent/synthesis/submodules/asj_nco_as_m_cen.v" is an OpenCore Plus time-limited file. Remove the unlicensed cores or obtain a license for those OpenCore Plus time-limited IP cores used in the design. The Intel FPGA Knowledge Database contains many articles with specific details on how to resolve this error. Visit the Knowledge Database at https://www.altera.com/support/support-resources/knowledge-base/search.html and search for this specific error message number.
Error (204012): Can't generate netlist output files because the file "C:/dsp_fpga/TP11_Cordic/nco_ent/synthesis/submodules/asj_xnqg.v" is an OpenCore Plus time-limited file. Remove the unlicensed cores or obtain a license for those OpenCore Plus time-limited IP cores used in the design. The Intel FPGA Knowledge Database contains many articles with specific details on how to resolve this error. Visit the Knowledge Database at https://www.altera.com/support/support-resources/knowledge-base/search.html and search for this specific error message number.
Error (204012): Can't generate netlist output files because the file "C:/dsp_fpga/TP11_Cordic/nco_ent/synthesis/submodules/segment_sel.v" is an OpenCore Plus time-limited file. Remove the unlicensed cores or obtain a license for those OpenCore Plus time-limited IP cores used in the design. The Intel FPGA Knowledge Database contains many articles with specific details on how to resolve this error. Visit the Knowledge Database at https://www.altera.com/support/support-resources/knowledge-base/search.html and search for this specific error message number.
Error (204012): Can't generate netlist output files because the file "C:/dsp_fpga/TP11_Cordic/nco_ent/synthesis/submodules/asj_dxx_g.v" is an OpenCore Plus time-limited file. Remove the unlicensed cores or obtain a license for those OpenCore Plus time-limited IP cores used in the design. The Intel FPGA Knowledge Database contains many articles with specific details on how to resolve this error. Visit the Knowledge Database at https://www.altera.com/support/support-resources/knowledge-base/search.html and search for this specific error message number.
Error (204012): Can't generate netlist output files because the file "C:/dsp_fpga/TP11_Cordic/nco_ent/synthesis/submodules/sid_2c_1p.v" is an OpenCore Plus time-limited file. Remove the unlicensed cores or obtain a license for those OpenCore Plus time-limited IP cores used in the design. The Intel FPGA Knowledge Database contains many articles with specific details on how to resolve this error. Visit the Knowledge Database at https://www.altera.com/support/support-resources/knowledge-base/search.html and search for this specific error message number.
Error (204012): Can't generate netlist output files because the file "C:/dsp_fpga/TP11_Cordic/nco_ent/synthesis/submodules/asj_altqmcpipe.v" is an OpenCore Plus time-limited file. Remove the unlicensed cores or obtain a license for those OpenCore Plus time-limited IP cores used in the design. The Intel FPGA Knowledge Database contains many articles with specific details on how to resolve this error. Visit the Knowledge Database at https://www.altera.com/support/support-resources/knowledge-base/search.html and search for this specific error message number.
Error (204012): Can't generate netlist output files because the file "C:/dsp_fpga/TP11_Cordic/nco_ent/synthesis/submodules/asj_nco_aprid_dxx.v" is an OpenCore Plus time-limited file. Remove the unlicensed cores or obtain a license for those OpenCore Plus time-limited IP cores used in the design. The Intel FPGA Knowledge Database contains many articles with specific details on how to resolve this error. Visit the Knowledge Database at https://www.altera.com/support/support-resources/knowledge-base/search.html and search for this specific error message number.
Error (204012): Can't generate netlist output files because the file "C:/dsp_fpga/TP11_Cordic/nco_ent/synthesis/submodules/asj_gar.v" is an OpenCore Plus time-limited file. Remove the unlicensed cores or obtain a license for those OpenCore Plus time-limited IP cores used in the design. The Intel FPGA Knowledge Database contains many articles with specific details on how to resolve this error. Visit the Knowledge Database at https://www.altera.com/support/support-resources/knowledge-base/search.html and search for this specific error message number.
Error (204012): Can't generate netlist output files because the file "C:/dsp_fpga/TP11_Cordic/nco_ent/synthesis/submodules/segment_arr_tdl.v" is an OpenCore Plus time-limited file. Remove the unlicensed cores or obtain a license for those OpenCore Plus time-limited IP cores used in the design. The Intel FPGA Knowledge Database contains many articles with specific details on how to resolve this error. Visit the Knowledge Database at https://www.altera.com/support/support-resources/knowledge-base/search.html and search for this specific error message number.
Error (204009): Can't generate netlist output files because the license for encrypted file "C:/dsp_fpga/TP11_Cordic/nco_ent/synthesis/submodules/asj_nco_mob_rw.v" is not available
Error (204009): Can't generate netlist output files because the license for encrypted file "C:/dsp_fpga/TP11_Cordic/nco_ent/synthesis/submodules/asj_nco_isdr.v" is not available
Error (204009): Can't generate netlist output files because the license for encrypted file "C:/dsp_fpga/TP11_Cordic/nco_ent/synthesis/submodules/asj_dxx.v" is not available
Error (204009): Can't generate netlist output files because the license for encrypted file "C:/dsp_fpga/TP11_Cordic/nco_ent/synthesis/submodules/asj_nco_as_m_cen.v" is not available
Error (204009): Can't generate netlist output files because the license for encrypted file "C:/dsp_fpga/TP11_Cordic/nco_ent/synthesis/submodules/asj_xnqg.v" is not available
Error (204009): Can't generate netlist output files because the license for encrypted file "C:/dsp_fpga/TP11_Cordic/nco_ent/synthesis/submodules/segment_sel.v" is not available
Error (204009): Can't generate netlist output files because the license for encrypted file "C:/dsp_fpga/TP11_Cordic/nco_ent/synthesis/submodules/asj_dxx_g.v" is not available
Error (204009): Can't generate netlist output files because the license for encrypted file "C:/dsp_fpga/TP11_Cordic/nco_ent/synthesis/submodules/sid_2c_1p.v" is not available
Error (204009): Can't generate netlist output files because the license for encrypted file "C:/dsp_fpga/TP11_Cordic/nco_ent/synthesis/submodules/asj_altqmcpipe.v" is not available
Error (204009): Can't generate netlist output files because the license for encrypted file "C:/dsp_fpga/TP11_Cordic/nco_ent/synthesis/submodules/asj_nco_aprid_dxx.v" is not available
Error (204009): Can't generate netlist output files because the license for encrypted file "C:/dsp_fpga/TP11_Cordic/nco_ent/synthesis/submodules/asj_gar.v" is not available
Error (204009): Can't generate netlist output files because the license for encrypted file "C:/dsp_fpga/TP11_Cordic/nco_ent/synthesis/submodules/segment_arr_tdl.v" is not available
Error (204012): Can't generate netlist output files because the file "C:/dsp_fpga/TP11_Cordic/nco_ent/synthesis/submodules/asj_nco_mob_rw.v" is an OpenCore Plus time-limited file. Remove the unlicensed cores or obtain a license for those OpenCore Plus time-limited IP cores used in the design. The Intel FPGA Knowledge Database contains many articles with specific details on how to resolve this error. Visit the Knowledge Database at https://www.altera.com/support/support-resources/knowledge-base/search.html and search for this specific error message number.
Error (204012): Can't generate netlist output files because the file "C:/dsp_fpga/TP11_Cordic/nco_ent/synthesis/submodules/asj_nco_isdr.v" is an OpenCore Plus time-limited file. Remove the unlicensed cores or obtain a license for those OpenCore Plus time-limited IP cores used in the design. The Intel FPGA Knowledge Database contains many articles with specific details on how to resolve this error. Visit the Knowledge Database at https://www.altera.com/support/support-resources/knowledge-base/search.html and search for this specific error message number.
Error (204012): Can't generate netlist output files because the file "C:/dsp_fpga/TP11_Cordic/nco_ent/synthesis/submodules/asj_dxx.v" is an OpenCore Plus time-limited file. Remove the unlicensed cores or obtain a license for those OpenCore Plus time-limited IP cores used in the design. The Intel FPGA Knowledge Database contains many articles with specific details on how to resolve this error. Visit the Knowledge Database at https://www.altera.com/support/support-resources/knowledge-base/search.html and search for this specific error message number.
Error (204012): Can't generate netlist output files because the file "C:/dsp_fpga/TP11_Cordic/nco_ent/synthesis/submodules/asj_nco_as_m_cen.v" is an OpenCore Plus time-limited file. Remove the unlicensed cores or obtain a license for those OpenCore Plus time-limited IP cores used in the design. The Intel FPGA Knowledge Database contains many articles with specific details on how to resolve this error. Visit the Knowledge Database at https://www.altera.com/support/support-resources/knowledge-base/search.html and search for this specific error message number.
Error (204012): Can't generate netlist output files because the file "C:/dsp_fpga/TP11_Cordic/nco_ent/synthesis/submodules/asj_xnqg.v" is an OpenCore Plus time-limited file. Remove the unlicensed cores or obtain a license for those OpenCore Plus time-limited IP cores used in the design. The Intel FPGA Knowledge Database contains many articles with specific details on how to resolve this error. Visit the Knowledge Database at https://www.altera.com/support/support-resources/knowledge-base/search.html and search for this specific error message number.
Error (204012): Can't generate netlist output files because the file "C:/dsp_fpga/TP11_Cordic/nco_ent/synthesis/submodules/segment_sel.v" is an OpenCore Plus time-limited file. Remove the unlicensed cores or obtain a license for those OpenCore Plus time-limited IP cores used in the design. The Intel FPGA Knowledge Database contains many articles with specific details on how to resolve this error. Visit the Knowledge Database at https://www.altera.com/support/support-resources/knowledge-base/search.html and search for this specific error message number.
Error (204012): Can't generate netlist output files because the file "C:/dsp_fpga/TP11_Cordic/nco_ent/synthesis/submodules/asj_dxx_g.v" is an OpenCore Plus time-limited file. Remove the unlicensed cores or obtain a license for those OpenCore Plus time-limited IP cores used in the design. The Intel FPGA Knowledge Database contains many articles with specific details on how to resolve this error. Visit the Knowledge Database at https://www.altera.com/support/support-resources/knowledge-base/search.html and search for this specific error message number.
Error (204012): Can't generate netlist output files because the file "C:/dsp_fpga/TP11_Cordic/nco_ent/synthesis/submodules/sid_2c_1p.v" is an OpenCore Plus time-limited file. Remove the unlicensed cores or obtain a license for those OpenCore Plus time-limited IP cores used in the design. The Intel FPGA Knowledge Database contains many articles with specific details on how to resolve this error. Visit the Knowledge Database at https://www.altera.com/support/support-resources/knowledge-base/search.html and search for this specific error message number.
Error (204012): Can't generate netlist output files because the file "C:/dsp_fpga/TP11_Cordic/nco_ent/synthesis/submodules/asj_altqmcpipe.v" is an OpenCore Plus time-limited file. Remove the unlicensed cores or obtain a license for those OpenCore Plus time-limited IP cores used in the design. The Intel FPGA Knowledge Database contains many articles with specific details on how to resolve this error. Visit the Knowledge Database at https://www.altera.com/support/support-resources/knowledge-base/search.html and search for this specific error message number.
Error (204012): Can't generate netlist output files because the file "C:/dsp_fpga/TP11_Cordic/nco_ent/synthesis/submodules/asj_nco_aprid_dxx.v" is an OpenCore Plus time-limited file. Remove the unlicensed cores or obtain a license for those OpenCore Plus time-limited IP cores used in the design. The Intel FPGA Knowledge Database contains many articles with specific details on how to resolve this error. Visit the Knowledge Database at https://www.altera.com/support/support-resources/knowledge-base/search.html and search for this specific error message number.
Error (204012): Can't generate netlist output files because the file "C:/dsp_fpga/TP11_Cordic/nco_ent/synthesis/submodules/asj_gar.v" is an OpenCore Plus time-limited file. Remove the unlicensed cores or obtain a license for those OpenCore Plus time-limited IP cores used in the design. The Intel FPGA Knowledge Database contains many articles with specific details on how to resolve this error. Visit the Knowledge Database at https://www.altera.com/support/support-resources/knowledge-base/search.html and search for this specific error message number.
Error (204012): Can't generate netlist output files because the file "C:/dsp_fpga/TP11_Cordic/nco_ent/synthesis/submodules/segment_arr_tdl.v" is an OpenCore Plus time-limited file. Remove the unlicensed cores or obtain a license for those OpenCore Plus time-limited IP cores used in the design. The Intel FPGA Knowledge Database contains many articles with specific details on how to resolve this error. Visit the Knowledge Database at https://www.altera.com/support/support-resources/knowledge-base/search.html and search for this specific error message number.
Error (204009): Can't generate netlist output files because the license for encrypted file "C:/dsp_fpga/TP11_Cordic/nco_ent/synthesis/submodules/asj_nco_mob_rw.v" is not available
Error (204009): Can't generate netlist output files because the license for encrypted file "C:/dsp_fpga/TP11_Cordic/nco_ent/synthesis/submodules/asj_nco_isdr.v" is not available
Error (204009): Can't generate netlist output files because the license for encrypted file "C:/dsp_fpga/TP11_Cordic/nco_ent/synthesis/submodules/asj_dxx.v" is not available
Error (204009): Can't generate netlist output files because the license for encrypted file "C:/dsp_fpga/TP11_Cordic/nco_ent/synthesis/submodules/asj_nco_as_m_cen.v" is not available
Error (204009): Can't generate netlist output files because the license for encrypted file "C:/dsp_fpga/TP11_Cordic/nco_ent/synthesis/submodules/asj_xnqg.v" is not available
Error (204009): Can't generate netlist output files because the license for encrypted file "C:/dsp_fpga/TP11_Cordic/nco_ent/synthesis/submodules/segment_sel.v" is not available
Error (204009): Can't generate netlist output files because the license for encrypted file "C:/dsp_fpga/TP11_Cordic/nco_ent/synthesis/submodules/asj_dxx_g.v" is not available
Error (204009): Can't generate netlist output files because the license for encrypted file "C:/dsp_fpga/TP11_Cordic/nco_ent/synthesis/submodules/sid_2c_1p.v" is not available
Error (204009): Can't generate netlist output files because the license for encrypted file "C:/dsp_fpga/TP11_Cordic/nco_ent/synthesis/submodules/asj_altqmcpipe.v" is not available
Error (204009): Can't generate netlist output files because the license for encrypted file "C:/dsp_fpga/TP11_Cordic/nco_ent/synthesis/submodules/asj_nco_aprid_dxx.v" is not available
Error (204009): Can't generate netlist output files because the license for encrypted file "C:/dsp_fpga/TP11_Cordic/nco_ent/synthesis/submodules/asj_gar.v" is not available
Error (204009): Can't generate netlist output files because the license for encrypted file "C:/dsp_fpga/TP11_Cordic/nco_ent/synthesis/submodules/segment_arr_tdl.v" is not available
Error (204012): Can't generate netlist output files because the file "C:/dsp_fpga/TP11_Cordic/nco_ent/synthesis/submodules/asj_nco_mob_rw.v" is an OpenCore Plus time-limited file. Remove the unlicensed cores or obtain a license for those OpenCore Plus time-limited IP cores used in the design. The Intel FPGA Knowledge Database contains many articles with specific details on how to resolve this error. Visit the Knowledge Database at https://www.altera.com/support/support-resources/knowledge-base/search.html and search for this specific error message number.
Error (204012): Can't generate netlist output files because the file "C:/dsp_fpga/TP11_Cordic/nco_ent/synthesis/submodules/asj_nco_isdr.v" is an OpenCore Plus time-limited file. Remove the unlicensed cores or obtain a license for those OpenCore Plus time-limited IP cores used in the design. The Intel FPGA Knowledge Database contains many articles with specific details on how to resolve this error. Visit the Knowledge Database at https://www.altera.com/support/support-resources/knowledge-base/search.html and search for this specific error message number.
Error (204012): Can't generate netlist output files because the file "C:/dsp_fpga/TP11_Cordic/nco_ent/synthesis/submodules/asj_dxx.v" is an OpenCore Plus time-limited file. Remove the unlicensed cores or obtain a license for those OpenCore Plus time-limited IP cores used in the design. The Intel FPGA Knowledge Database contains many articles with specific details on how to resolve this error. Visit the Knowledge Database at https://www.altera.com/support/support-resources/knowledge-base/search.html and search for this specific error message number.
Error (204012): Can't generate netlist output files because the file "C:/dsp_fpga/TP11_Cordic/nco_ent/synthesis/submodules/asj_nco_as_m_cen.v" is an OpenCore Plus time-limited file. Remove the unlicensed cores or obtain a license for those OpenCore Plus time-limited IP cores used in the design. The Intel FPGA Knowledge Database contains many articles with specific details on how to resolve this error. Visit the Knowledge Database at https://www.altera.com/support/support-resources/knowledge-base/search.html and search for this specific error message number.
Error (204012): Can't generate netlist output files because the file "C:/dsp_fpga/TP11_Cordic/nco_ent/synthesis/submodules/asj_xnqg.v" is an OpenCore Plus time-limited file. Remove the unlicensed cores or obtain a license for those OpenCore Plus time-limited IP cores used in the design. The Intel FPGA Knowledge Database contains many articles with specific details on how to resolve this error. Visit the Knowledge Database at https://www.altera.com/support/support-resources/knowledge-base/search.html and search for this specific error message number.
Error (204012): Can't generate netlist output files because the file "C:/dsp_fpga/TP11_Cordic/nco_ent/synthesis/submodules/segment_sel.v" is an OpenCore Plus time-limited file. Remove the unlicensed cores or obtain a license for those OpenCore Plus time-limited IP cores used in the design. The Intel FPGA Knowledge Database contains many articles with specific details on how to resolve this error. Visit the Knowledge Database at https://www.altera.com/support/support-resources/knowledge-base/search.html and search for this specific error message number.
Error (204012): Can't generate netlist output files because the file "C:/dsp_fpga/TP11_Cordic/nco_ent/synthesis/submodules/asj_dxx_g.v" is an OpenCore Plus time-limited file. Remove the unlicensed cores or obtain a license for those OpenCore Plus time-limited IP cores used in the design. The Intel FPGA Knowledge Database contains many articles with specific details on how to resolve this error. Visit the Knowledge Database at https://www.altera.com/support/support-resources/knowledge-base/search.html and search for this specific error message number.
Error (204012): Can't generate netlist output files because the file "C:/dsp_fpga/TP11_Cordic/nco_ent/synthesis/submodules/sid_2c_1p.v" is an OpenCore Plus time-limited file. Remove the unlicensed cores or obtain a license for those OpenCore Plus time-limited IP cores used in the design. The Intel FPGA Knowledge Database contains many articles with specific details on how to resolve this error. Visit the Knowledge Database at https://www.altera.com/support/support-resources/knowledge-base/search.html and search for this specific error message number.
Error (204012): Can't generate netlist output files because the file "C:/dsp_fpga/TP11_Cordic/nco_ent/synthesis/submodules/asj_altqmcpipe.v" is an OpenCore Plus time-limited file. Remove the unlicensed cores or obtain a license for those OpenCore Plus time-limited IP cores used in the design. The Intel FPGA Knowledge Database contains many articles with specific details on how to resolve this error. Visit the Knowledge Database at https://www.altera.com/support/support-resources/knowledge-base/search.html and search for this specific error message number.
Error (204012): Can't generate netlist output files because the file "C:/dsp_fpga/TP11_Cordic/nco_ent/synthesis/submodules/asj_nco_aprid_dxx.v" is an OpenCore Plus time-limited file. Remove the unlicensed cores or obtain a license for those OpenCore Plus time-limited IP cores used in the design. The Intel FPGA Knowledge Database contains many articles with specific details on how to resolve this error. Visit the Knowledge Database at https://www.altera.com/support/support-resources/knowledge-base/search.html and search for this specific error message number.
Error (204012): Can't generate netlist output files because the file "C:/dsp_fpga/TP11_Cordic/nco_ent/synthesis/submodules/asj_gar.v" is an OpenCore Plus time-limited file. Remove the unlicensed cores or obtain a license for those OpenCore Plus time-limited IP cores used in the design. The Intel FPGA Knowledge Database contains many articles with specific details on how to resolve this error. Visit the Knowledge Database at https://www.altera.com/support/support-resources/knowledge-base/search.html and search for this specific error message number.
Error (204012): Can't generate netlist output files because the file "C:/dsp_fpga/TP11_Cordic/nco_ent/synthesis/submodules/segment_arr_tdl.v" is an OpenCore Plus time-limited file. Remove the unlicensed cores or obtain a license for those OpenCore Plus time-limited IP cores used in the design. The Intel FPGA Knowledge Database contains many articles with specific details on how to resolve this error. Visit the Knowledge Database at https://www.altera.com/support/support-resources/knowledge-base/search.html and search for this specific error message number.
Error (204009): Can't generate netlist output files because the license for encrypted file "C:/dsp_fpga/TP11_Cordic/nco_ent/synthesis/submodules/asj_nco_mob_rw.v" is not available
Error (204009): Can't generate netlist output files because the license for encrypted file "C:/dsp_fpga/TP11_Cordic/nco_ent/synthesis/submodules/asj_nco_isdr.v" is not available
Error (204009): Can't generate netlist output files because the license for encrypted file "C:/dsp_fpga/TP11_Cordic/nco_ent/synthesis/submodules/asj_dxx.v" is not available
Error (204009): Can't generate netlist output files because the license for encrypted file "C:/dsp_fpga/TP11_Cordic/nco_ent/synthesis/submodules/asj_nco_as_m_cen.v" is not available
Error (204009): Can't generate netlist output files because the license for encrypted file "C:/dsp_fpga/TP11_Cordic/nco_ent/synthesis/submodules/asj_xnqg.v" is not available
Error (204009): Can't generate netlist output files because the license for encrypted file "C:/dsp_fpga/TP11_Cordic/nco_ent/synthesis/submodules/segment_sel.v" is not available
Error (204009): Can't generate netlist output files because the license for encrypted file "C:/dsp_fpga/TP11_Cordic/nco_ent/synthesis/submodules/asj_dxx_g.v" is not available
Error (204009): Can't generate netlist output files because the license for encrypted file "C:/dsp_fpga/TP11_Cordic/nco_ent/synthesis/submodules/sid_2c_1p.v" is not available
Error (204009): Can't generate netlist output files because the license for encrypted file "C:/dsp_fpga/TP11_Cordic/nco_ent/synthesis/submodules/asj_altqmcpipe.v" is not available
Error (204009): Can't generate netlist output files because the license for encrypted file "C:/dsp_fpga/TP11_Cordic/nco_ent/synthesis/submodules/asj_nco_aprid_dxx.v" is not available
Error (204009): Can't generate netlist output files because the license for encrypted file "C:/dsp_fpga/TP11_Cordic/nco_ent/synthesis/submodules/asj_gar.v" is not available
Error (204009): Can't generate netlist output files because the license for encrypted file "C:/dsp_fpga/TP11_Cordic/nco_ent/synthesis/submodules/segment_arr_tdl.v" is not available
Error: Quartus Prime EDA Netlist Writer was unsuccessful. 72 errors, 1 warning
    Error: Peak virtual memory: 4648 megabytes
    Error: Processing ended: Thu Nov 19 19:24:20 2020
    Error: Elapsed time: 00:00:03
    Error: Total CPU time (on all processors): 00:00:03


