------------------------------------------------------------
Timing Analyzer Summary
------------------------------------------------------------

Type  : Slow 1200mV 85C Model Setup 'CK_50M'
Slack : -2.375
TNS   : -17.572

Type  : Slow 1200mV 85C Model Setup 'up_counter:inst10|hearth_beat'
Slack : -0.888
TNS   : -4.386

Type  : Slow 1200mV 85C Model Setup 'inst|altpll_component|auto_generated|pll1|clk[0]'
Slack : -0.734
TNS   : -0.734

Type  : Slow 1200mV 85C Model Hold 'inst|altpll_component|auto_generated|pll1|clk[0]'
Slack : 0.326
TNS   : 0.000

Type  : Slow 1200mV 85C Model Hold 'CK_50M'
Slack : 0.359
TNS   : 0.000

Type  : Slow 1200mV 85C Model Hold 'up_counter:inst10|hearth_beat'
Slack : 0.361
TNS   : 0.000

Type  : Slow 1200mV 85C Model Minimum Pulse Width 'up_counter:inst10|hearth_beat'
Slack : -1.000
TNS   : -8.000

Type  : Slow 1200mV 85C Model Minimum Pulse Width 'inst|altpll_component|auto_generated|pll1|clk[0]'
Slack : 4.748
TNS   : 0.000

Type  : Slow 1200mV 85C Model Minimum Pulse Width 'CK_50M'
Slack : 9.683
TNS   : 0.000

Type  : Slow 1200mV 0C Model Setup 'CK_50M'
Slack : -1.994
TNS   : -14.696

Type  : Slow 1200mV 0C Model Setup 'up_counter:inst10|hearth_beat'
Slack : -0.666
TNS   : -3.057

Type  : Slow 1200mV 0C Model Setup 'inst|altpll_component|auto_generated|pll1|clk[0]'
Slack : -0.528
TNS   : -0.528

Type  : Slow 1200mV 0C Model Hold 'inst|altpll_component|auto_generated|pll1|clk[0]'
Slack : 0.239
TNS   : 0.000

Type  : Slow 1200mV 0C Model Hold 'CK_50M'
Slack : 0.312
TNS   : 0.000

Type  : Slow 1200mV 0C Model Hold 'up_counter:inst10|hearth_beat'
Slack : 0.321
TNS   : 0.000

Type  : Slow 1200mV 0C Model Minimum Pulse Width 'up_counter:inst10|hearth_beat'
Slack : -1.000
TNS   : -8.000

Type  : Slow 1200mV 0C Model Minimum Pulse Width 'inst|altpll_component|auto_generated|pll1|clk[0]'
Slack : 4.744
TNS   : 0.000

Type  : Slow 1200mV 0C Model Minimum Pulse Width 'CK_50M'
Slack : 9.701
TNS   : 0.000

Type  : Fast 1200mV 0C Model Setup 'CK_50M'
Slack : -0.981
TNS   : -6.920

Type  : Fast 1200mV 0C Model Setup 'inst|altpll_component|auto_generated|pll1|clk[0]'
Slack : -0.298
TNS   : -0.298

Type  : Fast 1200mV 0C Model Setup 'up_counter:inst10|hearth_beat'
Slack : -0.064
TNS   : -0.064

Type  : Fast 1200mV 0C Model Hold 'inst|altpll_component|auto_generated|pll1|clk[0]'
Slack : 0.166
TNS   : 0.000

Type  : Fast 1200mV 0C Model Hold 'CK_50M'
Slack : 0.187
TNS   : 0.000

Type  : Fast 1200mV 0C Model Hold 'up_counter:inst10|hearth_beat'
Slack : 0.194
TNS   : 0.000

Type  : Fast 1200mV 0C Model Minimum Pulse Width 'up_counter:inst10|hearth_beat'
Slack : -1.000
TNS   : -8.000

Type  : Fast 1200mV 0C Model Minimum Pulse Width 'inst|altpll_component|auto_generated|pll1|clk[0]'
Slack : 4.782
TNS   : 0.000

Type  : Fast 1200mV 0C Model Minimum Pulse Width 'CK_50M'
Slack : 9.445
TNS   : 0.000

------------------------------------------------------------
